{
  "item_id": 9,
  "name": "item9",
  "rarity": "R"
}
